/Users/clementcombier/Documents/Workspace/Uni/Cours/Sys embarqués/LoRaWan-E5-Node/Projects/Applications/LoRaWAN/LoRaWAN_End_Node/LoRaWAN/App/lora_app.c:472:13:OnTxTimerLedEvent	0	static
/Users/clementcombier/Documents/Workspace/Uni/Cours/Sys embarqués/LoRaWan-E5-Node/Projects/Applications/LoRaWAN/LoRaWAN_End_Node/LoRaWAN/App/lora_app.c:476:13:OnRxTimerLedEvent	0	static
/Users/clementcombier/Documents/Workspace/Uni/Cours/Sys embarqués/LoRaWan-E5-Node/Projects/Applications/LoRaWAN/LoRaWAN_End_Node/LoRaWAN/App/lora_app.c:486:13:OnTxData	24	static
/Users/clementcombier/Documents/Workspace/Uni/Cours/Sys embarqués/LoRaWan-E5-Node/Projects/Applications/LoRaWAN/LoRaWAN_End_Node/LoRaWAN/App/lora_app.c:457:13:OnTxTimerEvent	8	static
/Users/clementcombier/Documents/Workspace/Uni/Cours/Sys embarqués/LoRaWan-E5-Node/Projects/Applications/LoRaWAN/LoRaWAN_End_Node/LoRaWAN/App/lora_app.c:533:13:OnMacProcessNotify	8	static
/Users/clementcombier/Documents/Workspace/Uni/Cours/Sys embarqués/LoRaWan-E5-Node/Projects/Applications/LoRaWAN/LoRaWAN_End_Node/LoRaWAN/App/lora_app.c:312:13:OnRxData	40	static
/Users/clementcombier/Documents/Workspace/Uni/Cours/Sys embarqués/LoRaWan-E5-Node/Projects/Applications/LoRaWAN/LoRaWAN_End_Node/LoRaWAN/App/lora_app.c:513:13:OnJoinRequest	8	static
/Users/clementcombier/Documents/Workspace/Uni/Cours/Sys embarqués/LoRaWan-E5-Node/Projects/Applications/LoRaWAN/LoRaWAN_End_Node/LoRaWAN/App/lora_app.c:370:13:SendTxData	56	static
/Users/clementcombier/Documents/Workspace/Uni/Cours/Sys embarqués/LoRaWan-E5-Node/Projects/Applications/LoRaWAN/LoRaWAN_End_Node/LoRaWAN/App/lora_app.c:480:13:OnJoinTimerLedEvent	8	static
/Users/clementcombier/Documents/Workspace/Uni/Cours/Sys embarqués/LoRaWan-E5-Node/Projects/Applications/LoRaWAN/LoRaWAN_End_Node/LoRaWAN/App/lora_app.c:211:6:LoRaWAN_Init	48	static
/Users/clementcombier/Documents/Workspace/Uni/Cours/Sys embarqués/LoRaWan-E5-Node/Projects/Applications/LoRaWAN/LoRaWAN_End_Node/LoRaWAN/App/lora_app.c:293:6:HAL_GPIO_EXTI_Callback	8	static
