/Users/clementcombier/Documents/Workspace/Uni/Cours/Sys embarqués/LoRaWan-E5-Node/Projects/Applications/LoRaWAN/LoRaWAN_End_Node/LoRaWAN/App/lora_app.c:470:13:OnTxTimerLedEvent	0	static
/Users/clementcombier/Documents/Workspace/Uni/Cours/Sys embarqués/LoRaWan-E5-Node/Projects/Applications/LoRaWAN/LoRaWAN_End_Node/LoRaWAN/App/lora_app.c:474:13:OnRxTimerLedEvent	0	static
/Users/clementcombier/Documents/Workspace/Uni/Cours/Sys embarqués/LoRaWan-E5-Node/Projects/Applications/LoRaWAN/LoRaWAN_End_Node/LoRaWAN/App/lora_app.c:484:13:OnTxData	24	static
/Users/clementcombier/Documents/Workspace/Uni/Cours/Sys embarqués/LoRaWan-E5-Node/Projects/Applications/LoRaWAN/LoRaWAN_End_Node/LoRaWAN/App/lora_app.c:455:13:OnTxTimerEvent	8	static
/Users/clementcombier/Documents/Workspace/Uni/Cours/Sys embarqués/LoRaWan-E5-Node/Projects/Applications/LoRaWAN/LoRaWAN_End_Node/LoRaWAN/App/lora_app.c:531:13:OnMacProcessNotify	8	static
/Users/clementcombier/Documents/Workspace/Uni/Cours/Sys embarqués/LoRaWan-E5-Node/Projects/Applications/LoRaWAN/LoRaWAN_End_Node/LoRaWAN/App/lora_app.c:310:13:OnRxData	40	static
/Users/clementcombier/Documents/Workspace/Uni/Cours/Sys embarqués/LoRaWan-E5-Node/Projects/Applications/LoRaWAN/LoRaWAN_End_Node/LoRaWAN/App/lora_app.c:511:13:OnJoinRequest	8	static
/Users/clementcombier/Documents/Workspace/Uni/Cours/Sys embarqués/LoRaWan-E5-Node/Projects/Applications/LoRaWAN/LoRaWAN_End_Node/LoRaWAN/App/lora_app.c:368:13:SendTxData	56	static
/Users/clementcombier/Documents/Workspace/Uni/Cours/Sys embarqués/LoRaWan-E5-Node/Projects/Applications/LoRaWAN/LoRaWAN_End_Node/LoRaWAN/App/lora_app.c:478:13:OnJoinTimerLedEvent	8	static
/Users/clementcombier/Documents/Workspace/Uni/Cours/Sys embarqués/LoRaWan-E5-Node/Projects/Applications/LoRaWAN/LoRaWAN_End_Node/LoRaWAN/App/lora_app.c:209:6:LoRaWAN_Init	48	static
/Users/clementcombier/Documents/Workspace/Uni/Cours/Sys embarqués/LoRaWan-E5-Node/Projects/Applications/LoRaWAN/LoRaWAN_End_Node/LoRaWAN/App/lora_app.c:291:6:HAL_GPIO_EXTI_Callback	8	static
